// Jest Snapshot v1, https://goo.gl/fbAQLP

exports[`AddCategory snapshot Initial state 1`] = `
<div>
  <button
    className="MuiButtonBase-root MuiButton-root MuiButton-contained MuiButton-containedPrimary MuiButton-containedSizeSmall MuiButton-sizeSmall"
    disabled={false}
    onBlur={[Function]}
    onClick={[Function]}
    onDragLeave={[Function]}
    onFocus={[Function]}
    onKeyDown={[Function]}
    onKeyUp={[Function]}
    onMouseDown={[Function]}
    onMouseLeave={[Function]}
    onMouseUp={[Function]}
    onTouchEnd={[Function]}
    onTouchMove={[Function]}
    onTouchStart={[Function]}
    tabIndex={0}
    type="button"
  >
    <span
      className="MuiButton-label"
    >
      <svg
        aria-hidden="true"
        className="MuiSvgIcon-root"
        focusable="false"
        role="presentation"
        viewBox="0 0 24 24"
      >
        <path
          d="M19 13h-6v6h-2v-6H5v-2h6V5h2v6h6v2z"
        />
      </svg>
       
      New
    </span>
  </button>
</div>
`;
